[demo.invee.net/index91e6.html]
[invee.net/assets/favicon/favicon-32x32.png]
[backblue.gif]
[fade.gif]
[index.html]
[sgp1.vultrobjects.com/production-invee/templates/elegant-1.jpg]
[cdn.jsdelivr.net/npm/bootstrap@5.0.1/dist/css/bootstrap.min.css]
[cdnjs.cloudflare.com/ajax/libs/font-awesome/5.15.4/css/all.min.css]
[unpkg.com/aos@2.3.1/dist/aos.css]
[demo.invee.net/images/elegant-1/bg/header.jpg]
[demo.invee.net/images/soundcloud/watermark.png]
[w.soundcloud.com/player/api.js]
[demo.invee.net/images/elegant-1/bride/man.png]
[demo.invee.net/images/elegant-1/bride/woman.png]
[demo.invee.net/timezz.js]
[cdnjs.cloudflare.com/ajax/libs/tiny-slider/2.9.3/tiny-slider.css]
[cdnjs.cloudflare.com/ajax/libs/lightgallery-js/1.4.0/css/lightgallery.min.css]
[demo.invee.net/images/elegant-1/gallery/0.png]
[demo.invee.net/images/elegant-1/gallery/1.png]
[demo.invee.net/images/elegant-1/gallery/2.png]
[demo.invee.net/images/elegant-1/gallery/3.png]
[demo.invee.net/images/elegant-1/gallery/4.png]
[demo.invee.net/images/elegant-1/gallery/5.png]
[demo.invee.net/images/elegant-1/gallery/6.png]
[demo.invee.net/images/elegant-1/gallery/7.png]
[demo.invee.net/images/elegant-1/gallery/8.png]
[demo.invee.net/images/elegant-1/gallery/9.png]
[cdnjs.cloudflare.com/ajax/libs/lightgallery-js/1.4.0/js/lightgallery.min.js]
[cdnjs.cloudflare.com/ajax/libs/tiny-slider/2.9.2/min/tiny-slider.js]
[demo.invee.net/images/elegant-1/love-story/1.png]
[demo.invee.net/images/elegant-1/love-story/2.png]
[demo.invee.net/images/elegant-1/love-story/3.png]
[demo.invee.net/images/elegant-1/love-story/4.png]
[demo.invee.net/images/elegant-1/love-story/5.png]
[demo.invee.net/images/elegant-1/love-story/6.png]
[demo.invee.net/images/elegant-1/love-story/7.png]
[demo.invee.net/images/elegant-1/love-story/8.png]
[demo.invee.net/images/elegant-1/love-story/9.png]
[demo.invee.net/images/elegant-1/love-story/10.png]
[sgp1.vultrobjects.com/production-invee/bank/bca.png]
[demo.invee.net/images/elegant-1/logo/qrcode.png]
[sgp1.vultrobjects.com/production-invee/bank/bni.png]
[sgp1.vultrobjects.com/production-invee/bank/bri.png]
[sgp1.vultrobjects.com/production-invee/bank/dana.png]
[sgp1.vultrobjects.com/production-invee/bank/gopay.png]
[sgp1.vultrobjects.com/production-invee/bank/linkaja.png]
[sgp1.vultrobjects.com/production-invee/bank/mandiri.png]
[sgp1.vultrobjects.com/production-invee/bank/misc.png]
[sgp1.vultrobjects.com/production-invee/bank/ovo.png]
[sgp1.vultrobjects.com/production-invee/bank/spay.png]
[demo.invee.net/images/elegant-1/vendor/vendor-logo-1.png]
[demo.invee.net/images/elegant-1/vendor/vendor-logo-2.png]
[demo.invee.net/images/elegant-1/vendor/vendor-logo-3.png]
[demo.invee.net/images/elegant-1/vendor/vendor-logo-4.png]
[demo.invee.net/images/elegant-1/vendor/vendor-logo-5.png]
[demo.invee.net/images/elegant-1/vendor/vendor-logo-6.png]
[code.jquery.com/jquery-3.6.0.min.js]
[cdn.jsdelivr.net/npm/bootstrap@5.0.1/dist/js/bootstrap.bundle.min.js]
[cdnjs.cloudflare.com/ajax/libs/font-awesome/5.15.4/js/all.min.js]
[unpkg.com/aos@2.3.1/dist/aos.js]
[cdnjs.cloudflare.com/ajax/libs/animejs/3.2.1/anime.min.js]
[demo.invee.net/sweetalert2/sweetalert2.all.min.js]
[demo.invee.net/js/appf2a4.js]
[demo.invee.net/js/elegant-1/app4643.js]
[invee.net/assets/img/bank/bca.png]
[invee.net/assets/img/bank/gopay.png]
[invee.net/assets/img/bank/bri.png]
[invee.net/assets/img/bank/linkaja.png]
[demo.invee.net/index91e6.html]
[cdn.jsdelivr.net/npm/bootstrap@5.0.1/dist/css/bootstrap.min.css]
[cdnjs.cloudflare.com/ajax/libs/font-awesome/5.15.4/css/all.min.css]
[unpkg.com/aos@2.3.1/dist/aos.css]
[demo.invee.net/sweetalert2/sweetalert2.min.css]
[cdn-uicons.flaticon.com/uicons-solid-rounded/css/uicons-solid-rounded.css]
[demo.invee.net/css/appc5b1.css]
[demo.invee.net/images/wedding-2/bg/header.jpg]
[demo.invee.net/images/floral-2/ornamen/polygomini.png]
[demo.invee.net/css/elegant-1/appddf1.css]
[demo.invee.net/images/floral-2/decoration/Floral-2]
[demo.invee.net/images/floral-2/decoration/Watercolor-1.png]
[demo.invee.net/images/elegant-1/decoration/giftbox-kiri.png]
[demo.invee.net/images/elegant-1/decoration/giftbox-kanan.png]
[demo.invee.net/css/elegant-1/customebfc2.css]
[demo.invee.net/images/elegant-1/icons/Icon-Home.svg]
[demo.invee.net/images/elegant-1/icons/Icon-Mempelai.svg]
[demo.invee.net/images/elegant-1/icons/Icon-Acara.svg]
[demo.invee.net/images/elegant-1/icons/Icon-Gallery.svg]
[demo.invee.net/images/elegant-1/icons/Icon-Ucapan.svg]
[demo.invee.net/images/elegant-1/icons/Icon-Hadiah.svg]
[demo.invee.net/images/elegant-1/icons/Icon-FB.svg]
[demo.invee.net/images/elegant-1/icons/Icon-IG.svg]
[demo.invee.net/images/elegant-1/icons/Icon-Tiktok.svg]
[demo.invee.net/images/elegant-1/icons/Icon-Twitter.svg]
[demo.invee.net/images/elegant-1/icons/Icon-Youtube.svg]
[demo.invee.net/images/elegant-1/icons/marker-icon.svg]
[demo.invee.net/images/elegant-1/icons/date-icon.svg]
[demo.invee.net/images/elegant-1/icons/live-icon.svg]
[cdnjs.cloudflare.com/ajax/libs/tiny-slider/2.9.3/tiny-slider.css]
[cdnjs.cloudflare.com/ajax/libs/lightgallery-js/1.4.0/img/vimeo-play.png]
[cdnjs.cloudflare.com/ajax/libs/lightgallery-js/1.4.0/img/video-play.png]
[cdnjs.cloudflare.com/ajax/libs/lightgallery-js/1.4.0/img/youtube-play.png]
[cdnjs.cloudflare.com/ajax/libs/lightgallery-js/1.4.0/css/lightgallery.min.css]
[demo.invee.net/images/elegant-1/gallery/0.html]
[demo.invee.net/images/elegant-1/icons/tinyslider-prev.svg]
[demo.invee.net/images/elegant-1/icons/tinyslider-next.svg]
[demo.invee.net/images/elegant-1/prokes/cucitangan.svg]
[demo.invee.net/images/elegant-1/prokes/masker.svg]
[demo.invee.net/images/elegant-1/prokes/sabun.svg]
[demo.invee.net/images/elegant-1/prokes/jagajarak.svg]
[demo.invee.net/images/elegant-1/prokes/sanitizer.svg]
[demo.invee.net/images/elegant-1/prokes/jabattangan.svg]
[cdn-uicons.flaticon.com/uicons-solid-rounded/css/uicons-solid-rounded.css]
[demo.invee.net/images/elegant-1/decoration/bg-vector-1.svg]
[demo.invee.net/images/elegant-1/decoration/bg-vector-2.svg]
[demo.invee.net/images/elegant-1/decoration/bg-vector-3.svg]
[demo.invee.net/images/floral-2/decoration/Floral-2.html]
[demo.invee.net/images/elegant-1/decoration/dekorasi-kiri-1.svg]
[demo.invee.net/images/elegant-1/decoration/dekorasi-kiri-2.svg]
[demo.invee.net/images/elegant-1/decoration/dekorasi-kanan-1.svg]
[demo.invee.net/images/elegant-1/decoration/dekorasi-kanan-2.svg]
[demo.invee.net/images/elegant-1/decoration/acara-kanan-2.svg]
[demo.invee.net/images/elegant-1/decoration/acara-kanan-1.svg]
[demo.invee.net/images/elegant-1/decoration/acara-kiri-2.svg]
[demo.invee.net/images/elegant-1/decoration/acara-kiri-1.svg]
[cdnjs.cloudflare.com/ajax/libs/lightgallery-js/1.4.0/img/loading.gif]
